// Jest Snapshot v1, https://goo.gl/fbAQLP

exports[`Grocery component should generate and match snapshot 1`] = `ShallowWrapper {}`;
